Archive member included because of file (symbol)

c:/program files/eclipsearm/sourcery-g++-lite-arm-2011.03/bin/../lib/gcc/arm-none-eabi/4.5.2\libgcc.a(_divsi3.o)
                              ./common/44blib.o (__aeabi_idiv)
c:/program files/eclipsearm/sourcery-g++-lite-arm-2011.03/bin/../lib/gcc/arm-none-eabi/4.5.2\libgcc.a(_dvmd_tls.o)
                              c:/program files/eclipsearm/sourcery-g++-lite-arm-2011.03/bin/../lib/gcc/arm-none-eabi/4.5.2\libgcc.a(_divsi3.o) (__aeabi_idiv0)

Allocating common symbols
Common symbol       size              file

led_state           0x4               ./led.o
fileSize            0x4               ./common/44blib.o
actual              0x4               ./pila.o
downPt              0x4               ./common/44blib.o

Memory Configuration

Name             Origin             Length             Attributes
*default*        0x00000000         0xffffffff

Linker script and memory map

LOAD ./common/44binit.o
LOAD ./common/44blib.o
LOAD ./common/timer2.o
LOAD ./8led.o
LOAD ./button.o
LOAD ./exception.o
LOAD ./led.o
LOAD ./main.o
LOAD ./pila.o
LOAD ./rebotes.o
LOAD ./sudoku.o
LOAD ./timer.o
LOAD ./timer3.o
START GROUP
LOAD c:/program files/eclipsearm/sourcery-g++-lite-arm-2011.03/bin/../lib/gcc/arm-none-eabi/4.5.2\libgcc.a
LOAD c:/program files/eclipsearm/sourcery-g++-lite-arm-2011.03/bin/../lib/gcc/arm-none-eabi/4.5.2/../../../../arm-none-eabi/lib\libc.a
END GROUP
                0x0c000000                . = 0xc000000
                0x0c000000                Image_RO_Base = .

.text           0x0c000000     0x2968
 *(.text)
 .text          0x0c000000      0x9f8 ./common/44binit.o
                0x0c000594                sudoku_recalcular_arm_arm
                0x0c0005e0                sudoku_recalcular_arm_thumb
                0x0c000640                sudoku_recalcular_arm_c
                0x0c00068c                sudoku_candidatos_arm
                0x0c0007a4                sudoku_candidatos_thumb
 .text          0x0c0009f8      0x45c ./common/44blib.o
                0x0c0009f8                Delay
                0x0c000b30                DelayMs
                0x0c000b94                Port_Init
                0x0c000d24                malloc
                0x0c000dc4                free
                0x0c000df4                sys_init
 .text          0x0c000e54      0x1e8 ./common/timer2.o
                0x0c000e54                Timer2_ISR
                0x0c000ea4                Timer2_Inicializar
                0x0c000f7c                Timer2_Empezar
                0x0c000fb4                Timer2_Leer
 .text          0x0c00103c       0xa4 ./8led.o
                0x0c00103c                D8Led_init
                0x0c001060                D8led_switch
                0x0c00108c                D8Led_symbol
 .text          0x0c0010e0      0x228 ./button.o
                0x0c0010e0                Eint4567_init
                0x0c0011b4                Eint4567_ISR
 .text          0x0c001308      0x100 ./exception.o
                0x0c001308                exception_ISR
                0x0c0013ac                exception_init
 .text          0x0c001408      0x23c ./led.o
                0x0c001408                leds_on
                0x0c001428                leds_off
                0x0c001448                led1_on
                0x0c001488                led1_off
                0x0c0014c8                led2_on
                0x0c001508                led2_off
                0x0c001548                leds_switch
                0x0c001588                Led_Display
 .text          0x0c001644       0x58 ./main.o
                0x0c001644                Main
 .text          0x0c00169c       0xfc ./pila.o
                0x0c00169c                pila_Init
                0x0c0016c8                push_debug
 .text          0x0c001798        0x0 ./rebotes.o
 .text          0x0c001798      0xab8 ./sudoku.o
                0x0c001798                celda_poner_valor
                0x0c00180c                celda_leer_valor
                0x0c001848                sudoku_candidatos_c
                0x0c001ce8                comprobar
                0x0c001dac                sudoku_recalcular_c_c
                0x0c001ecc                sudoku_recalcular_c_arm
                0x0c001f7c                sudoku_recalcular_c_thumb
                0x0c002030                sudoku9x9_c_c
                0x0c002088                sudoku9x9_c_arm
                0x0c0020b8                sudoku9x9_c_thumb
                0x0c0020e8                juegoSudoku
 .text          0x0c002250      0x1d8 ./timer.o
                0x0c002250                timer_ISR
                0x0c0022b0                timer_init
                0x0c00236c                Timer0_Empezar
                0x0c0023ac                Timer0_Leer
 .text          0x0c002428      0x3f4 ./timer3.o
                0x0c002428                Timer3_ISR
                0x0c00267c                Timer3_Inicializar
                0x0c00275c                Timer3_Empezar
                0x0c002794                Timer3_Leer
 .text          0x0c00281c      0x148 c:/program files/eclipsearm/sourcery-g++-lite-arm-2011.03/bin/../lib/gcc/arm-none-eabi/4.5.2\libgcc.a(_divsi3.o)
                0x0c00281c                __divsi3
                0x0c00281c                __aeabi_idiv
                0x0c002944                __aeabi_idivmod
 .text          0x0c002964        0x4 c:/program files/eclipsearm/sourcery-g++-lite-arm-2011.03/bin/../lib/gcc/arm-none-eabi/4.5.2\libgcc.a(_dvmd_tls.o)
                0x0c002964                __aeabi_idiv0
                0x0c002964                __aeabi_ldiv0
                0x0c002968                Image_RO_Limit = .
                0x0c002968                Image_RW_Base = .

.glue_7         0x0c002968        0x0
 .glue_7        0x00000000        0x0 linker stubs

.glue_7t        0x0c002968        0x0
 .glue_7t       0x00000000        0x0 linker stubs

.vfp11_veneer   0x0c002968        0x0
 .vfp11_veneer  0x00000000        0x0 linker stubs

.v4_bx          0x0c002968        0x0
 .v4_bx         0x00000000        0x0 linker stubs

.data           0x0c002968      0x188
 *(.data)
 .data          0x0c002968        0x6 ./common/44binit.o
                0x0c002968                BDRAMTYPE
 *fill*         0x0c00296e        0x2 00
 .data          0x0c002970        0xc ./common/44blib.o
                0x0c002970                mallocPt
                0x0c002974                run
 .data          0x0c00297c        0x0 ./common/timer2.o
 .data          0x0c00297c       0x44 ./8led.o
                0x0c00297c                Symbol
 .data          0x0c0029c0        0x0 ./button.o
 .data          0x0c0029c0        0x0 ./exception.o
 .data          0x0c0029c0        0x0 ./led.o
 .data          0x0c0029c0        0x0 ./main.o
 .data          0x0c0029c0        0x8 ./pila.o
                0x0c0029c0                inicioPila
                0x0c0029c4                limite
 .data          0x0c0029c8        0x4 ./rebotes.o
                0x0c0029c8                tiempoEspera
 .data          0x0c0029cc      0x120 ./sudoku.o
                0x0c0029cc                cuadricula
 .data          0x0c002aec        0x0 ./timer.o
 .data          0x0c002aec        0x4 ./timer3.o
                0x0c002aec                reset
 .data          0x0c002af0        0x0 c:/program files/eclipsearm/sourcery-g++-lite-arm-2011.03/bin/../lib/gcc/arm-none-eabi/4.5.2\libgcc.a(_divsi3.o)
 .data          0x0c002af0        0x0 c:/program files/eclipsearm/sourcery-g++-lite-arm-2011.03/bin/../lib/gcc/arm-none-eabi/4.5.2\libgcc.a(_dvmd_tls.o)

.rodata         0x0c002af0        0xc
 *(.rodata)
 .rodata        0x0c002af0        0xc ./sudoku.o
                0x0c002af0                index_reticula
                0x0c002afc                Image_RW_Limit = .
                0x0c002afc                Image_ZI_Base = .

.bss            0x0c002afc       0x48
 *(.bss)
 .bss           0x0c002afc        0x0 ./common/44binit.o
 .bss           0x0c002afc        0x4 ./common/44blib.o
                0x0c002afc                restart
 .bss           0x0c002b00        0x4 ./common/timer2.o
                0x0c002b00                timer2_num_int
 .bss           0x0c002b04        0x0 ./8led.o
 .bss           0x0c002b04       0x10 ./button.o
                0x0c002b04                int_count
                0x0c002b08                estado
                0x0c002b0c                boton
                0x0c002b10                confirmacion
 .bss           0x0c002b14        0x0 ./exception.o
 .bss           0x0c002b14        0x0 ./led.o
 .bss           0x0c002b14        0x0 ./main.o
 .bss           0x0c002b14        0x0 ./pila.o
 .bss           0x0c002b14        0x8 ./rebotes.o
                0x0c002b14                pulsado
                0x0c002b18                gestionando
 .bss           0x0c002b1c        0x0 ./sudoku.o
 .bss           0x0c002b1c       0x10 ./timer.o
                0x0c002b1c                switch_leds
                0x0c002b20                switch_8led
                0x0c002b24                parpadear
                0x0c002b28                timer0_num_int
 .bss           0x0c002b2c        0x8 ./timer3.o
                0x0c002b2c                timer3_num_int
                0x0c002b30                mantener
 .bss           0x0c002b34        0x0 c:/program files/eclipsearm/sourcery-g++-lite-arm-2011.03/bin/../lib/gcc/arm-none-eabi/4.5.2\libgcc.a(_divsi3.o)
 .bss           0x0c002b34        0x0 c:/program files/eclipsearm/sourcery-g++-lite-arm-2011.03/bin/../lib/gcc/arm-none-eabi/4.5.2\libgcc.a(_dvmd_tls.o)
 COMMON         0x0c002b34        0x8 ./common/44blib.o
                0x0c002b34                fileSize
                0x0c002b38                downPt
 COMMON         0x0c002b3c        0x4 ./led.o
                0x0c002b3c                led_state
 COMMON         0x0c002b40        0x4 ./pila.o
                0x0c002b40                actual
                0x0c002b44                Image_ZI_Limit = .
                0x0c002b44                __bss_start__ = .
                0x0c002b44                __bss_end__ = .
                0x0c002b44                __EH_FRAME_BEGIN__ = .
                0x0c002b44                __EH_FRAME_END__ = .
                0x0c002b44                PROVIDE (__stack, .)
                0x0c002b44                end = .
                0x0c002b44                _end = .

.ARM.attributes
                0x00000000       0x2e
 .ARM.attributes
                0x00000000       0x22 ./common/44binit.o
 .ARM.attributes
                0x00000022       0x32 ./common/44blib.o
 .ARM.attributes
                0x00000054       0x32 ./common/timer2.o
 .ARM.attributes
                0x00000086       0x32 ./8led.o
 .ARM.attributes
                0x000000b8       0x32 ./button.o
 .ARM.attributes
                0x000000ea       0x32 ./exception.o
 .ARM.attributes
                0x0000011c       0x32 ./led.o
 .ARM.attributes
                0x0000014e       0x32 ./main.o
 .ARM.attributes
                0x00000180       0x32 ./pila.o
 .ARM.attributes
                0x000001b2       0x32 ./rebotes.o
 .ARM.attributes
                0x000001e4       0x32 ./sudoku.o
 .ARM.attributes
                0x00000216       0x32 ./timer.o
 .ARM.attributes
                0x00000248       0x32 ./timer3.o
 .ARM.attributes
                0x0000027a       0x1a c:/program files/eclipsearm/sourcery-g++-lite-arm-2011.03/bin/../lib/gcc/arm-none-eabi/4.5.2\libgcc.a(_divsi3.o)
 .ARM.attributes
                0x00000294       0x18 c:/program files/eclipsearm/sourcery-g++-lite-arm-2011.03/bin/../lib/gcc/arm-none-eabi/4.5.2\libgcc.a(_dvmd_tls.o)

.comment        0x00000000       0x2a
 .comment       0x00000000       0x2a ./common/44blib.o
                                 0x2b (size before relaxing)
 .comment       0x00000000       0x2b ./common/timer2.o
 .comment       0x00000000       0x2b ./8led.o
 .comment       0x00000000       0x2b ./button.o
 .comment       0x00000000       0x2b ./exception.o
 .comment       0x00000000       0x2b ./led.o
 .comment       0x00000000       0x2b ./main.o
 .comment       0x00000000       0x2b ./pila.o
 .comment       0x00000000       0x2b ./rebotes.o
 .comment       0x00000000       0x2b ./sudoku.o
 .comment       0x00000000       0x2b ./timer.o
 .comment       0x00000000       0x2b ./timer3.o

.debug_info     0x00000000     0x11c3
 *(.debug_info)
 .debug_info    0x00000000       0x55 ./common/44binit.o
 .debug_info    0x00000055      0x229 ./common/44blib.o
 .debug_info    0x0000027e       0xc2 ./common/timer2.o
 .debug_info    0x00000340      0x12f ./8led.o
 .debug_info    0x0000046f      0x10b ./button.o
 .debug_info    0x0000057a       0xb8 ./exception.o
 .debug_info    0x00000632      0x104 ./led.o
 .debug_info    0x00000736       0x8c ./main.o
 .debug_info    0x000007c2      0x11d ./pila.o
 .debug_info    0x000008df       0x67 ./rebotes.o
 .debug_info    0x00000946      0x576 ./sudoku.o
 .debug_info    0x00000ebc      0x13d ./timer.o
 .debug_info    0x00000ff9      0x1ca ./timer3.o

.debug_line     0x00000000     0x1364
 *(.debug_line)
 .debug_line    0x00000000      0x1fb ./common/44binit.o
 .debug_line    0x000001fb      0x3a6 ./common/44blib.o
 .debug_line    0x000005a1       0x72 ./common/timer2.o
 .debug_line    0x00000613       0x82 ./8led.o
 .debug_line    0x00000695       0xa9 ./button.o
 .debug_line    0x0000073e      0x1b6 ./exception.o
 .debug_line    0x000008f4       0x92 ./led.o
 .debug_line    0x00000986      0x334 ./main.o
 .debug_line    0x00000cba      0x193 ./pila.o
 .debug_line    0x00000e4d       0x65 ./rebotes.o
 .debug_line    0x00000eb2      0x26c ./sudoku.o
 .debug_line    0x0000111e      0x1a4 ./timer.o
 .debug_line    0x000012c2       0xa2 ./timer3.o

.debug_abbrev   0x00000000      0x7ce
 *(.debug_abbrev)
 .debug_abbrev  0x00000000       0x14 ./common/44binit.o
 .debug_abbrev  0x00000014      0x11f ./common/44blib.o
 .debug_abbrev  0x00000133       0x8b ./common/timer2.o
 .debug_abbrev  0x000001be       0xcd ./8led.o
 .debug_abbrev  0x0000028b       0x89 ./button.o
 .debug_abbrev  0x00000314       0x74 ./exception.o
 .debug_abbrev  0x00000388       0x7c ./led.o
 .debug_abbrev  0x00000404       0x41 ./main.o
 .debug_abbrev  0x00000445       0x90 ./pila.o
 .debug_abbrev  0x000004d5       0x32 ./rebotes.o
 .debug_abbrev  0x00000507      0x15d ./sudoku.o
 .debug_abbrev  0x00000664       0x8b ./timer.o
 .debug_abbrev  0x000006ef       0xdf ./timer3.o

.debug_frame    0x00000000      0x6ec
 *(.debug_frame)
 .debug_frame   0x00000000       0xd0 ./common/44blib.o
 .debug_frame   0x000000d0       0x98 ./common/timer2.o
 .debug_frame   0x00000168       0x70 ./8led.o
 .debug_frame   0x000001d8       0x5c ./button.o
 .debug_frame   0x00000234       0x60 ./exception.o
 .debug_frame   0x00000294      0x110 ./led.o
 .debug_frame   0x000003a4       0x30 ./main.o
 .debug_frame   0x000003d4       0x54 ./pila.o
 .debug_frame   0x00000428      0x170 ./sudoku.o
 .debug_frame   0x00000598       0x98 ./timer.o
 .debug_frame   0x00000630       0x9c ./timer3.o
 .debug_frame   0x000006cc       0x20 c:/program files/eclipsearm/sourcery-g++-lite-arm-2011.03/bin/../lib/gcc/arm-none-eabi/4.5.2\libgcc.a(_divsi3.o)
OUTPUT(PruebaSim.elf elf32-littlearm)

.debug_aranges  0x00000000      0x180
 .debug_aranges
                0x00000000       0x20 ./common/44binit.o
 .debug_aranges
                0x00000020       0x20 ./common/44blib.o
 .debug_aranges
                0x00000040       0x20 ./common/timer2.o
 .debug_aranges
                0x00000060       0x20 ./8led.o
 .debug_aranges
                0x00000080       0x20 ./button.o
 .debug_aranges
                0x000000a0       0x20 ./exception.o
 .debug_aranges
                0x000000c0       0x20 ./led.o
 .debug_aranges
                0x000000e0       0x20 ./main.o
 .debug_aranges
                0x00000100       0x20 ./pila.o
 .debug_aranges
                0x00000120       0x20 ./sudoku.o
 .debug_aranges
                0x00000140       0x20 ./timer.o
 .debug_aranges
                0x00000160       0x20 ./timer3.o

.debug_macinfo  0x00000000    0x45a02
 .debug_macinfo
                0x00000000     0x8301 ./common/44blib.o
 .debug_macinfo
                0x00008301     0x4f49 ./common/timer2.o
 .debug_macinfo
                0x0000d24a     0x50a9 ./8led.o
 .debug_macinfo
                0x000122f3     0x522d ./button.o
 .debug_macinfo
                0x00017520     0x6a46 ./exception.o
 .debug_macinfo
                0x0001df66     0x50a9 ./led.o
 .debug_macinfo
                0x0002300f     0x7adc ./main.o
 .debug_macinfo
                0x0002aaeb     0x6a46 ./pila.o
 .debug_macinfo
                0x00031531     0x50a9 ./rebotes.o
 .debug_macinfo
                0x000365da     0x3a99 ./sudoku.o
 .debug_macinfo
                0x0003a073     0x6a46 ./timer.o
 .debug_macinfo
                0x00040ab9     0x4f49 ./timer3.o

.debug_loc      0x00000000      0x814
 .debug_loc     0x00000000      0x108 ./common/44blib.o
 .debug_loc     0x00000108       0xb0 ./common/timer2.o
 .debug_loc     0x000001b8       0x84 ./8led.o
 .debug_loc     0x0000023c       0x58 ./button.o
 .debug_loc     0x00000294       0x58 ./exception.o
 .debug_loc     0x000002ec      0x160 ./led.o
 .debug_loc     0x0000044c       0x2c ./main.o
 .debug_loc     0x00000478       0x58 ./pila.o
 .debug_loc     0x000004d0      0x1e4 ./sudoku.o
 .debug_loc     0x000006b4       0xb0 ./timer.o
 .debug_loc     0x00000764       0xb0 ./timer3.o

.debug_pubnames
                0x00000000      0x562
 .debug_pubnames
                0x00000000       0x90 ./common/44blib.o
 .debug_pubnames
                0x00000090       0x6e ./common/timer2.o
 .debug_pubnames
                0x000000fe       0x4e ./8led.o
 .debug_pubnames
                0x0000014c       0x69 ./button.o
 .debug_pubnames
                0x000001b5       0x37 ./exception.o
 .debug_pubnames
                0x000001ec       0x8b ./led.o
 .debug_pubnames
                0x00000277       0x1b ./main.o
 .debug_pubnames
                0x00000292       0x54 ./pila.o
 .debug_pubnames
                0x000002e6       0x3f ./rebotes.o
 .debug_pubnames
                0x00000325      0x125 ./sudoku.o
 .debug_pubnames
                0x0000044a       0x93 ./timer.o
 .debug_pubnames
                0x000004dd       0x85 ./timer3.o

.debug_pubtypes
                0x00000000       0x9c
 .debug_pubtypes
                0x00000000       0x12 ./common/44blib.o
 .debug_pubtypes
                0x00000012       0x1f ./exception.o
 .debug_pubtypes
                0x00000031       0x12 ./main.o
 .debug_pubtypes
                0x00000043       0x12 ./pila.o
 .debug_pubtypes
                0x00000055       0x35 ./sudoku.o
 .debug_pubtypes
                0x0000008a       0x12 ./timer.o

.debug_str      0x00000000      0x5c2
 .debug_str     0x00000000      0x10f ./common/44blib.o
                                0x14d (size before relaxing)
 .debug_str     0x0000010f       0x62 ./common/timer2.o
                                 0x8d (size before relaxing)
 .debug_str     0x00000171       0x79 ./8led.o
                                 0xa8 (size before relaxing)
 .debug_str     0x000001ea       0x5b ./button.o
                                 0x8a (size before relaxing)
 .debug_str     0x00000245       0x3a ./exception.o
                                 0xe0 (size before relaxing)
 .debug_str     0x0000027f       0x68 ./led.o
                                 0x8a (size before relaxing)
 .debug_str     0x000002e7        0xf ./main.o
                                 0xba (size before relaxing)
 .debug_str     0x000002f6       0x4a ./pila.o
                                 0xf0 (size before relaxing)
 .debug_str     0x00000340       0x2e ./rebotes.o
                                 0x50 (size before relaxing)
 .debug_str     0x0000036e      0x18b ./sudoku.o
                                0x260 (size before relaxing)
 .debug_str     0x000004f9       0x6c ./timer.o
                                0x119 (size before relaxing)
 .debug_str     0x00000565       0x5d ./timer3.o
                                 0xd4 (size before relaxing)
